// Vitest Snapshot v1, https://vitest.dev/guide/snapshot.html

exports[`matches snapshot 1`] = `
<DocumentFragment>
  <div
    class="Box"
    id="1"
  >
    <div
      class="Box-display"
      style="background-color: blue; width: 100px; height: 100px;"
    />
    <button
      class="Box-remove-button"
    >
      DELETE BOX
    </button>
  </div>
</DocumentFragment>
`;
